Job started on babbage.units.it at Tue Jan 20 04:21:04 PM CET 2026

Start:	 2026-01-20 16:21:11.423125 

Warning: Grammar contains unit production for production rule <program>
         Unit productions consume GE codons.
Warning: Grammar contains unit production for production rule <V1>
         Unit productions consume GE codons.
Warning: Grammar contains unit production for production rule <gm>
         Unit productions consume GE codons.
Warning: Grammar contains unit production for production rule <uniform>
         Unit productions consume GE codons.
Warning: Grammar contains unit production for production rule <boolean_expression2>
         Unit productions consume GE codons.
Warning: Grammar contains unit production for production rule <var_v2>
         Unit productions consume GE codons.
Warning: Grammar contains unit production for production rule <boolean_expression3>
         Unit productions consume GE codons.
Warning: Only 1 run has been specified for this set of runs.
         The number of runs can be specified with the command-line parameter `--runs`.

Start:	 2026-01-20 16:21:16.056292 

Warning: Grammar contains unit production for production rule <program>
         Unit productions consume GE codons.
Warning: Grammar contains unit production for production rule <V1>
         Unit productions consume GE codons.
Warning: Grammar contains unit production for production rule <gm>
         Unit productions consume GE codons.
Warning: Grammar contains unit production for production rule <uniform>
         Unit productions consume GE codons.
Warning: Grammar contains unit production for production rule <boolean_expression2>
         Unit productions consume GE codons.
Warning: Grammar contains unit production for production rule <var_v2>
         Unit productions consume GE codons.
Warning: Grammar contains unit production for production rule <boolean_expression3>
         Unit productions consume GE codons.
Evolution: 0% completeEvolution: 0% completeEvolution: 0% completeEvolution: 0% completeEvolution: 1% completeEvolution: 1% completeEvolution: 1% completeEvolution: 2% completeEvolution: 2% complete