Exception in thread Thread-1 (_handle_workers):
Traceback (most recent call last):
  File "/u/rominadoz/miniconda3/lib/python3.13/threading.py", line 1044, in _bootstrap_inner
    self.run()
    ~~~~~~~~^^
  File "/u/rominadoz/miniconda3/lib/python3.13/threading.py", line 995, in run
    self._target(*self._args, **self._kwargs)
    ~~~~~~~~~~~~^^^^^^^^^^^^^^^^^^^^^^^^^^^^^
  File "/u/rominadoz/miniconda3/lib/python3.13/multiprocessing/pool.py", line 516, in _handle_workers
    cls._maintain_pool(ctx, Process, processes, pool, inqueue,
    ~~~~~~~~~~~~~~~~~~^^^^^^^^^^^^^^^^^^^^^^^^^^^^^^^^^^^^^^^^
                       outqueue, initializer, initargs,
                       ^^^^^^^^^^^^^^^^^^^^^^^^^^^^^^^^
                       maxtasksperchild, wrap_exception)
                       ^^^^^^^^^^^^^^^^^^^^^^^^^^^^^^^^^
  File "/u/rominadoz/miniconda3/lib/python3.13/multiprocessing/pool.py", line 340, in _maintain_pool
    Pool._repopulate_pool_static(ctx, Process, processes, pool,
    ~~~~~~~~~~~~~~~~~~~~~~~~~~~~^^^^^^^^^^^^^^^^^^^^^^^^^^^^^^^
                                 inqueue, outqueue, initializer,
                                 ^^^^^^^^^^^^^^^^^^^^^^^^^^^^^^^
                                 initargs, maxtasksperchild,
                                 ^^^^^^^^^^^^^^^^^^^^^^^^^^^
                                 wrap_exception)
                                 ^^^^^^^^^^^^^^^
  File "/u/rominadoz/miniconda3/lib/python3.13/multiprocessing/pool.py", line 329, in _repopulate_pool_static
    w.start()
    ~~~~~~~^^
  File "/u/rominadoz/miniconda3/lib/python3.13/multiprocessing/process.py", line 121, in start
    self._popen = self._Popen(self)
                  ~~~~~~~~~~~^^^^^^
  File "/u/rominadoz/miniconda3/lib/python3.13/multiprocessing/context.py", line 289, in _Popen
    return Popen(process_obj)
  File "/u/rominadoz/miniconda3/lib/python3.13/multiprocessing/popen_spawn_posix.py", line 32, in __init__
    super().__init__(process_obj)
    ~~~~~~~~~~~~~~~~^^^^^^^^^^^^^
  File "/u/rominadoz/miniconda3/lib/python3.13/multiprocessing/popen_fork.py", line 20, in __init__
    self._launch(process_obj)
    ~~~~~~~~~~~~^^^^^^^^^^^^^
  File "/u/rominadoz/miniconda3/lib/python3.13/multiprocessing/popen_spawn_posix.py", line 47, in _launch
    reduction.dump(process_obj, fp)
    ~~~~~~~~~~~~~~^^^^^^^^^^^^^^^^^
  File "/u/rominadoz/miniconda3/lib/python3.13/multiprocessing/reduction.py", line 60, in dump
    ForkingPickler(file, protocol).dump(obj)
    ~~~~~~~~~~~~~~~~~~~~~~~~~~~~~~~~~~~^^^^^
  File "/u/rominadoz/miniconda3/lib/python3.13/multiprocessing/pool.py", line 643, in __reduce__
    raise NotImplementedError(
          'pool objects cannot be passed between processes or pickled'
          )
NotImplementedError: pool objects cannot be passed between processes or pickled
slurmstepd: error: *** JOB 34703 ON babbage CANCELLED AT 2026-01-12T10:38:51 ***
slurmstepd: error: Detected 2 oom_kill events in StepId=34703.batch. Some of the step tasks have been OOM Killed.
