Job started on babbage.units.it at Sat Jan 10 11:31:20 AM CET 2026

Start:	 2026-01-10 11:31:28.165847 

Warning: Grammar contains unit production for production rule <program>
         Unit productions consume GE codons.
Warning: Grammar contains unit production for production rule <V1>
         Unit productions consume GE codons.
Warning: Grammar contains unit production for production rule <gm>
         Unit productions consume GE codons.
Warning: Grammar contains unit production for production rule <uniform>
         Unit productions consume GE codons.
Warning: Grammar contains unit production for production rule <boolean_expression2>
         Unit productions consume GE codons.
Warning: Grammar contains unit production for production rule <var_v2>
         Unit productions consume GE codons.
Warning: Grammar contains unit production for production rule <boolean_expression3>
         Unit productions consume GE codons.
Warning: Grammar contains unit production for production rule <boolean_expression4>
         Unit productions consume GE codons.

Start:	 2026-01-10 11:31:34.134847 

Warning: Grammar contains unit production for production rule <program>
         Unit productions consume GE codons.
Warning: Grammar contains unit production for production rule <V1>
         Unit productions consume GE codons.
Warning: Grammar contains unit production for production rule <gm>
         Unit productions consume GE codons.
Warning: Grammar contains unit production for production rule <uniform>
         Unit productions consume GE codons.
Warning: Grammar contains unit production for production rule <boolean_expression2>
         Unit productions consume GE codons.
Warning: Grammar contains unit production for production rule <var_v2>
         Unit productions consume GE codons.
Warning: Grammar contains unit production for production rule <boolean_expression3>
         Unit productions consume GE codons.
Warning: Grammar contains unit production for production rule <boolean_expression4>
         Unit productions consume GE codons.

Start:	 2026-01-10 11:31:34.134995 

Warning: Grammar contains unit production for production rule <program>
         Unit productions consume GE codons.
Warning: Grammar contains unit production for production rule <V1>
         Unit productions consume GE codons.
Warning: Grammar contains unit production for production rule <gm>
         Unit productions consume GE codons.
Warning: Grammar contains unit production for production rule <uniform>
         Unit productions consume GE codons.
Warning: Grammar contains unit production for production rule <boolean_expression2>
         Unit productions consume GE codons.
Warning: Grammar contains unit production for production rule <var_v2>
         Unit productions consume GE codons.
Warning: Grammar contains unit production for production rule <boolean_expression3>
         Unit productions consume GE codons.
Warning: Grammar contains unit production for production rule <boolean_expression4>
         Unit productions consume GE codons.

Start:	 2026-01-10 11:31:34.134981 

Warning: Grammar contains unit production for production rule <program>
         Unit productions consume GE codons.
Warning: Grammar contains unit production for production rule <V1>
         Unit productions consume GE codons.
Warning: Grammar contains unit production for production rule <gm>
         Unit productions consume GE codons.
Warning: Grammar contains unit production for production rule <uniform>
         Unit productions consume GE codons.
Warning: Grammar contains unit production for production rule <boolean_expression2>
         Unit productions consume GE codons.
Warning: Grammar contains unit production for production rule <var_v2>
         Unit productions consume GE codons.
Warning: Grammar contains unit production for production rule <boolean_expression3>
         Unit productions consume GE codons.
Warning: Grammar contains unit production for production rule <boolean_expression4>
         Unit productions consume GE codons.

Start:	 2026-01-10 11:31:34.134846 

Warning: Grammar contains unit production for production rule <program>
         Unit productions consume GE codons.
Warning: Grammar contains unit production for production rule <V1>
         Unit productions consume GE codons.
Warning: Grammar contains unit production for production rule <gm>
         Unit productions consume GE codons.
Warning: Grammar contains unit production for production rule <uniform>
         Unit productions consume GE codons.
Warning: Grammar contains unit production for production rule <boolean_expression2>
         Unit productions consume GE codons.
Warning: Grammar contains unit production for production rule <var_v2>
         Unit productions consume GE codons.
Warning: Grammar contains unit production for production rule <boolean_expression3>
         Unit productions consume GE codons.
Warning: Grammar contains unit production for production rule <boolean_expression4>
         Unit productions consume GE codons.

Start:	 2026-01-10 11:31:34.134995 

Warning: Grammar contains unit production for production rule <program>
         Unit productions consume GE codons.
Warning: Grammar contains unit production for production rule <V1>
         Unit productions consume GE codons.
Warning: Grammar contains unit production for production rule <gm>
         Unit productions consume GE codons.
Warning: Grammar contains unit production for production rule <uniform>
         Unit productions consume GE codons.
Warning: Grammar contains unit production for production rule <boolean_expression2>
         Unit productions consume GE codons.
Warning: Grammar contains unit production for production rule <var_v2>
         Unit productions consume GE codons.
Warning: Grammar contains unit production for production rule <boolean_expression3>
         Unit productions consume GE codons.
Warning: Grammar contains unit production for production rule <boolean_expression4>
         Unit productions consume GE codons.

Start:	 2026-01-10 11:31:34.134981 

Warning: Grammar contains unit production for production rule <program>
         Unit productions consume GE codons.
Warning: Grammar contains unit production for production rule <V1>
         Unit productions consume GE codons.
Warning: Grammar contains unit production for production rule <gm>
         Unit productions consume GE codons.
Warning: Grammar contains unit production for production rule <uniform>
         Unit productions consume GE codons.
Warning: Grammar contains unit production for production rule <boolean_expression2>
         Unit productions consume GE codons.
Warning: Grammar contains unit production for production rule <var_v2>
         Unit productions consume GE codons.
Warning: Grammar contains unit production for production rule <boolean_expression3>
         Unit productions consume GE codons.
Warning: Grammar contains unit production for production rule <boolean_expression4>
         Unit productions consume GE codons.

Start:	 2026-01-10 11:31:34.134875 

Warning: Grammar contains unit production for production rule <program>
         Unit productions consume GE codons.
Warning: Grammar contains unit production for production rule <V1>
         Unit productions consume GE codons.
Warning: Grammar contains unit production for production rule <gm>
         Unit productions consume GE codons.
Warning: Grammar contains unit production for production rule <uniform>
         Unit productions consume GE codons.
Warning: Grammar contains unit production for production rule <boolean_expression2>
         Unit productions consume GE codons.
Warning: Grammar contains unit production for production rule <var_v2>
         Unit productions consume GE codons.
Warning: Grammar contains unit production for production rule <boolean_expression3>
         Unit productions consume GE codons.
Warning: Grammar contains unit production for production rule <boolean_expression4>
         Unit productions consume GE codons.

Start:	 2026-01-10 11:31:34.134875 

Warning: Grammar contains unit production for production rule <program>
         Unit productions consume GE codons.
Warning: Grammar contains unit production for production rule <V1>
         Unit productions consume GE codons.
Warning: Grammar contains unit production for production rule <gm>
         Unit productions consume GE codons.
Warning: Grammar contains unit production for production rule <uniform>
         Unit productions consume GE codons.
Warning: Grammar contains unit production for production rule <boolean_expression2>
         Unit productions consume GE codons.
Warning: Grammar contains unit production for production rule <var_v2>
         Unit productions consume GE codons.
Warning: Grammar contains unit production for production rule <boolean_expression3>
         Unit productions consume GE codons.
Warning: Grammar contains unit production for production rule <boolean_expression4>
         Unit productions consume GE codons.
