Job started on babbage.units.it at Mon Jan 12 12:14:51 PM CET 2026

Start:	 2026-01-12 12:14:56.285954 

Warning: Grammar contains unit production for production rule <program>
         Unit productions consume GE codons.
Warning: Grammar contains unit production for production rule <V1>
         Unit productions consume GE codons.
Warning: Grammar contains unit production for production rule <gm>
         Unit productions consume GE codons.
Warning: Grammar contains unit production for production rule <uniform>
         Unit productions consume GE codons.
Warning: Grammar contains unit production for production rule <boolean_expression2>
         Unit productions consume GE codons.
Warning: Grammar contains unit production for production rule <var_v2>
         Unit productions consume GE codons.
Warning: Grammar contains unit production for production rule <boolean_expression3>
         Unit productions consume GE codons.
Warning: Grammar contains unit production for production rule <boolean_expression4>
         Unit productions consume GE codons.
Warning: Grammar contains unit production for production rule <boolean_expression5>
         Unit productions consume GE codons.
Job finished at Mon Jan 12 12:30:15 PM CET 2026
