Job started on babbage.units.it at Mon Jan 12 12:14:46 PM CET 2026

Start:	 2026-01-12 12:14:53.623106 

Warning: Grammar contains unit production for production rule <program>
         Unit productions consume GE codons.
Warning: Grammar contains unit production for production rule <V1>
         Unit productions consume GE codons.
Warning: Grammar contains unit production for production rule <gm>
         Unit productions consume GE codons.
Warning: Grammar contains unit production for production rule <uniform>
         Unit productions consume GE codons.
Warning: Grammar contains unit production for production rule <boolean_expression2>
         Unit productions consume GE codons.
Warning: Grammar contains unit production for production rule <var_v2>
         Unit productions consume GE codons.
Warning: Grammar contains unit production for production rule <boolean_expression3>
         Unit productions consume GE codons.
Warning: Grammar contains unit production for production rule <boolean_expression4>
         Unit productions consume GE codons.
Warning: Grammar contains unit production for production rule <boolean_expression5>
         Unit productions consume GE codons.
Evolution: 0% completeEvolution: 0% completeEvolution: 0% completeEvolution: 0% completeEvolution: 1% completeEvolution: 1% completeEvolution: 1% completeEvolution: 2% completeEvolution: 2% completeEvolution: 2% completeEvolution: 3% completeEvolution: 3% completeJob finished at Mon Jan 12 02:12:52 PM CET 2026
