
libgomp: Thread creation failed: Resource temporarily unavailable

libgomp: Thread creation failed: Resource temporarily unavailable

libgomp: Thread creation failed: Resource temporarily unavailable

libgomp: Thread creation failed: Resource temporarily unavailable

libgomp: Thread creation failed: Resource temporarily unavailable

libgomp: Thread creation failed: Resource temporarily unavailable

libgomp: Thread creation failed: Resource temporarily unavailable

libgomp: Thread creation failed: Resource temporarily unavailable

libgomp: Thread creation failed: Resource temporarily unavailable

libgomp: Thread creation failed: Resource temporarily unavailable

libgomp: Thread creation failed: Resource temporarily unavailable

libgomp: Thread creation failed: Resource temporarily unavailable

libgomp: Thread creation failed: Resource temporarily unavailable

libgomp: Thread creation failed: Resource temporarily unavailable

libgomp: Thread creation failed: Resource temporarily unavailable
Traceback (most recent call last):
  File "/u/rominadoz/projects/Causal_Models_Synthesis/src/ponyge.py", line 31, in <module>
    mane()
    ~~~~^^
  File "/u/rominadoz/projects/Causal_Models_Synthesis/src/ponyge.py", line 24, in mane
    individuals = params['SEARCH_LOOP']()
  File "/u/rominadoz/projects/Causal_Models_Synthesis/src/algorithm/search_loop.py", line 29, in search_loop
    individuals = evaluate_fitness(individuals)
  File "/u/rominadoz/projects/Causal_Models_Synthesis/src/fitness/evaluation.py", line 81, in evaluate_fitness
    ind = result.get()
  File "/u/rominadoz/miniconda3/lib/python3.13/multiprocessing/pool.py", line 774, in get
    raise self._value
multiprocessing.pool.MaybeEncodingError: Error sending result: '<representation.individual.Individual object at 0x7f1e73ace3c0>'. Reason: 'RuntimeError("can't start new thread")'
Traceback (most recent call last):
  File "/u/rominadoz/projects/Causal_Models_Synthesis/src/ponyge.py", line 31, in <module>
    mane()
    ~~~~^^
  File "/u/rominadoz/projects/Causal_Models_Synthesis/src/ponyge.py", line 24, in mane
    individuals = params['SEARCH_LOOP']()
  File "/u/rominadoz/projects/Causal_Models_Synthesis/src/algorithm/search_loop.py", line 29, in search_loop
    individuals = evaluate_fitness(individuals)
  File "/u/rominadoz/projects/Causal_Models_Synthesis/src/fitness/evaluation.py", line 81, in evaluate_fitness
    ind = result.get()
  File "/u/rominadoz/miniconda3/lib/python3.13/multiprocessing/pool.py", line 774, in get
    raise self._value
multiprocessing.pool.MaybeEncodingError: Error sending result: '<representation.individual.Individual object at 0x7f34e4f363c0>'. Reason: 'RuntimeError("can't start new thread")'
Traceback (most recent call last):
  File "/u/rominadoz/projects/Causal_Models_Synthesis/src/ponyge.py", line 31, in <module>
    mane()
    ~~~~^^
  File "/u/rominadoz/projects/Causal_Models_Synthesis/src/ponyge.py", line 24, in mane
    individuals = params['SEARCH_LOOP']()
  File "/u/rominadoz/projects/Causal_Models_Synthesis/src/algorithm/search_loop.py", line 29, in search_loop
    individuals = evaluate_fitness(individuals)
  File "/u/rominadoz/projects/Causal_Models_Synthesis/src/fitness/evaluation.py", line 81, in evaluate_fitness
    ind = result.get()
  File "/u/rominadoz/miniconda3/lib/python3.13/multiprocessing/pool.py", line 774, in get
    raise self._value
multiprocessing.pool.MaybeEncodingError: Error sending result: '<representation.individual.Individual object at 0x7fb5fcaae3c0>'. Reason: 'RuntimeError("can't start new thread")'
slurmstepd: error: *** JOB 34643 ON babbage CANCELLED AT 2026-01-10T14:20:19 ***
