Job started on babbage.units.it at Sun Jan 11 08:36:33 PM CET 2026
ulimit -n = 65535

Start:	 2026-01-11 20:36:41.073997 

Warning: Grammar contains unit production for production rule <program>
         Unit productions consume GE codons.
Warning: Grammar contains unit production for production rule <V1>
         Unit productions consume GE codons.
Warning: Grammar contains unit production for production rule <gm>
         Unit productions consume GE codons.
Warning: Grammar contains unit production for production rule <uniform>
         Unit productions consume GE codons.
Warning: Grammar contains unit production for production rule <boolean_expression2>
         Unit productions consume GE codons.
Warning: Grammar contains unit production for production rule <var_v2>
         Unit productions consume GE codons.
Warning: Grammar contains unit production for production rule <boolean_expression3>
         Unit productions consume GE codons.
Warning: Grammar contains unit production for production rule <boolean_expression4>
         Unit productions consume GE codons.
Evolution: 0% completeEvolution: 0% complete